Script started on Tue 27 Sep 2016 01:25:53 AM PDT
cistudent@NetworkingLab:~/Documents/comp362/lab4/task2$ ls
CMakeLists.txt	input.txt		    main      matrix	test
core		JoshuaStewardLab4Task2.zip  main.cpp  matrix.c	typescript.txt
cistudent@NetworkingLab:~/Documents/comp362/lab4/task2$ gccamatrix.cu-otmatrix
/tmp/ccUMoLpG.o: In function `multiply':
matrix.c:(.text+0x31d): undefined reference to `pthread_create'
collect2: error: ld returned 1 exit status
cistudent@NetworkingLab:~/Documents/comp362/lab4/task2$ gcc matrix.c -o matrix -lpthreads
cistudent@NetworkingLab:~/Documents/comp362/lab4/task2$ ./matrixiinput.txttrix -lpthread
5
4
2

0 0 1 6
1 2 3 5
2 4 3 9
5 0 3 4
7 1 1 1

0 1
1 3
2 9
3 1

20 15
23 39
37 50
18 36
6 20
cistudent@NetworkingLab:~/Documents/comp362/lab4/task2$ ./matrix input.txt > output.txt
cistudent@NetworkingLab:~/Documents/comp362/lab4/task2$ ls
CMakeLists.txt	input.txt		    main      matrix	output.txt  typescript.txt
core		JoshuaStewardLab4Task2.zip  main.cpp  matrix.c	test
cistudent@NetworkingLab:~/Documents/comp362/lab4/task2$ exit
exit

Script done on Tue 27 Sep 2016 01:29:22 AM PDT
